// Jest Snapshot v1, https://goo.gl/fbAQLP

exports[`Checkbox should match the snapshot 1`] = `
<div
  class="checkbox-element checkbox-element--normal checkbox-element--dark"
  data-id=""
  tabindex="0"
  title=""
>
  <div
    class="checkbox-element__check-row"
  >
    <svg
      class="checkbox-element__check-wrapper"
      viewBox="0 0 32 32"
      xmlns="http://www.w3.org/2000/svg"
    >
      <rect
        class="checkbox-element__square"
        fill="none"
        height="18"
        rx="2"
        ry="2"
        stroke-width="1"
        width="18"
        x="7"
        y="7"
      />
       
      <path
        class="checkbox-element__check"
        d="M 22.905 7 L 13.5 16.741 L 9.095 12.521 L 6 15.651 L 13.5 23 L 26 10.128 Z"
      />
       
      <rect
        class="checkbox-element__check-some"
        height="3"
        width="11"
        x="10.5"
        y="14.5"
      />
    </svg>
     
    <div
      class="checkbox-element__label-text"
    />
  </div>
   
  <div
    class="checkbox-element__helper-text"
  >
    
        help
    
  </div>
</div>
`;
