// Jest Snapshot v1, https://goo.gl/fbAQLP

exports[`DefaultList computed usecase-0__ assumedGroupHeight 1`] = `30`;

exports[`DefaultList computed usecase-0__ assumedItemHeight 1`] = `30`;

exports[`DefaultList computed usecase-0__ flatItems 1`] = `
Array [
  Object {
    "depth": 0,
    "id": "a",
    "isLeaf": false,
    "items": null,
    "key": "a",
    "label": "G1",
    "leafItems": Array [
      "1",
      "2",
      "3",
      "4",
      "5",
      "6",
      "7",
      "8",
      "9",
      "10",
    ],
  },
  Object {
    "depth": 1,
    "disabled": true,
    "icon": "plus",
    "id": "1",
    "isLeaf": true,
    "items": null,
    "key": "1",
    "label": "Something",
    "leafItems": Array [
      "1",
    ],
    "metadata": "zan.kusterle@gmail.com",
  },
  Object {
    "depth": 1,
    "disabled": true,
    "id": "2",
    "isLeaf": true,
    "items": null,
    "key": "2",
    "label": "Lorem",
    "leafItems": Array [
      "2",
    ],
  },
  Object {
    "depth": 1,
    "disabled": true,
    "id": "3",
    "isLeaf": true,
    "items": null,
    "key": "3",
    "label": "Ipsum",
    "leafItems": Array [
      "3",
    ],
    "metadata": "someone@lorem.ipsum",
  },
  Object {
    "depth": 1,
    "id": "4",
    "isLeaf": true,
    "items": null,
    "key": "4",
    "label": "Really loooooooooooooooooooooooooooooooong label",
    "leafItems": Array [
      "4",
    ],
    "metadata": "someone@lorem.ipsum",
  },
  Object {
    "depth": 1,
    "id": "5",
    "isLeaf": true,
    "items": null,
    "key": "5",
    "label": "B",
    "leafItems": Array [
      "5",
    ],
    "metadata": "someone@lorem.ipsum",
  },
  Object {
    "depth": 1,
    "id": "6",
    "isLeaf": true,
    "items": null,
    "key": "6",
    "label": "C",
    "leafItems": Array [
      "6",
    ],
    "metadata": "someone@lorem.ipsum",
  },
  Object {
    "depth": 1,
    "id": "7",
    "isLeaf": true,
    "items": null,
    "key": "7",
    "label": "D",
    "leafItems": Array [
      "7",
    ],
    "metadata": "someone@lorem.ipsum",
  },
  Object {
    "depth": 1,
    "id": "8",
    "isLeaf": true,
    "items": null,
    "key": "8",
    "label": "E",
    "leafItems": Array [
      "8",
    ],
    "metadata": "someone@lorem.ipsum",
  },
  Object {
    "depth": 1,
    "id": "9",
    "isLeaf": true,
    "items": null,
    "key": "9",
    "label": "F",
    "leafItems": Array [
      "9",
    ],
    "metadata": "someone@lorem.ipsum",
  },
  Object {
    "depth": 1,
    "id": "10",
    "isLeaf": true,
    "items": null,
    "key": "10",
    "label": "G",
    "leafItems": Array [
      "10",
    ],
    "metadata": "someone@lorem.ipsum",
  },
  Object {
    "depth": 0,
    "id": "b",
    "isLeaf": false,
    "items": null,
    "key": "b",
    "label": "G2",
    "leafItems": Array [
      "11",
      "12",
      "13",
      "14",
      "15",
    ],
  },
  Object {
    "depth": 1,
    "id": "11",
    "isLeaf": true,
    "items": null,
    "key": "G2/1",
    "label": "Something",
    "leafItems": Array [
      "11",
    ],
    "metadata": "someone@lorem.ipsum",
    "tooltip": "Test tooltip",
  },
  Object {
    "depth": 1,
    "id": "12",
    "isLeaf": true,
    "items": null,
    "key": "12",
    "label": "D",
    "leafItems": Array [
      "12",
    ],
    "metadata": "someone@lorem.ipsum",
  },
  Object {
    "depth": 1,
    "id": "13",
    "isLeaf": true,
    "items": null,
    "key": "13",
    "label": "E",
    "leafItems": Array [
      "13",
    ],
    "metadata": "someone@lorem.ipsum",
  },
  Object {
    "depth": 1,
    "id": "14",
    "isLeaf": true,
    "items": null,
    "key": "14",
    "label": "F",
    "leafItems": Array [
      "14",
    ],
    "metadata": "someone@lorem.ipsum",
  },
  Object {
    "depth": 1,
    "id": "15",
    "isLeaf": true,
    "items": null,
    "key": "15",
    "label": "G",
    "leafItems": Array [
      "15",
    ],
    "metadata": "someone@lorem.ipsum",
    "tooltip": "Something else",
  },
]
`;

exports[`DefaultList computed usecase-0__ flatSelectableItems 1`] = `
Array [
  Object {
    "depth": 1,
    "id": "4",
    "isLeaf": true,
    "items": null,
    "key": "4",
    "label": "Really loooooooooooooooooooooooooooooooong label",
    "leafItems": Array [
      "4",
    ],
    "metadata": "someone@lorem.ipsum",
  },
  Object {
    "depth": 1,
    "id": "5",
    "isLeaf": true,
    "items": null,
    "key": "5",
    "label": "B",
    "leafItems": Array [
      "5",
    ],
    "metadata": "someone@lorem.ipsum",
  },
  Object {
    "depth": 1,
    "id": "6",
    "isLeaf": true,
    "items": null,
    "key": "6",
    "label": "C",
    "leafItems": Array [
      "6",
    ],
    "metadata": "someone@lorem.ipsum",
  },
  Object {
    "depth": 1,
    "id": "7",
    "isLeaf": true,
    "items": null,
    "key": "7",
    "label": "D",
    "leafItems": Array [
      "7",
    ],
    "metadata": "someone@lorem.ipsum",
  },
  Object {
    "depth": 1,
    "id": "8",
    "isLeaf": true,
    "items": null,
    "key": "8",
    "label": "E",
    "leafItems": Array [
      "8",
    ],
    "metadata": "someone@lorem.ipsum",
  },
  Object {
    "depth": 1,
    "id": "9",
    "isLeaf": true,
    "items": null,
    "key": "9",
    "label": "F",
    "leafItems": Array [
      "9",
    ],
    "metadata": "someone@lorem.ipsum",
  },
  Object {
    "depth": 1,
    "id": "10",
    "isLeaf": true,
    "items": null,
    "key": "10",
    "label": "G",
    "leafItems": Array [
      "10",
    ],
    "metadata": "someone@lorem.ipsum",
  },
  Object {
    "depth": 1,
    "id": "11",
    "isLeaf": true,
    "items": null,
    "key": "G2/1",
    "label": "Something",
    "leafItems": Array [
      "11",
    ],
    "metadata": "someone@lorem.ipsum",
    "tooltip": "Test tooltip",
  },
  Object {
    "depth": 1,
    "id": "12",
    "isLeaf": true,
    "items": null,
    "key": "12",
    "label": "D",
    "leafItems": Array [
      "12",
    ],
    "metadata": "someone@lorem.ipsum",
  },
  Object {
    "depth": 1,
    "id": "13",
    "isLeaf": true,
    "items": null,
    "key": "13",
    "label": "E",
    "leafItems": Array [
      "13",
    ],
    "metadata": "someone@lorem.ipsum",
  },
  Object {
    "depth": 1,
    "id": "14",
    "isLeaf": true,
    "items": null,
    "key": "14",
    "label": "F",
    "leafItems": Array [
      "14",
    ],
    "metadata": "someone@lorem.ipsum",
  },
  Object {
    "depth": 1,
    "id": "15",
    "isLeaf": true,
    "items": null,
    "key": "15",
    "label": "G",
    "leafItems": Array [
      "15",
    ],
    "metadata": "someone@lorem.ipsum",
    "tooltip": "Something else",
  },
]
`;

exports[`DefaultList computed usecase-0__ shownItemsWithData 1`] = `
Array [
  Object {
    "depth": 0,
    "height": null,
    "id": "a",
    "isLeaf": false,
    "items": null,
    "key": "a",
    "label": "G1",
    "leafItems": Array [
      "1",
      "2",
      "3",
      "4",
      "5",
      "6",
      "7",
      "8",
      "9",
      "10",
    ],
    "modifiers": Object {
      "active": false,
      "leaf": false,
      "with-tooltip": false,
    },
    "offset": 0,
  },
  Object {
    "depth": 1,
    "disabled": true,
    "height": null,
    "icon": "plus",
    "id": "1",
    "isLeaf": true,
    "items": null,
    "key": "1",
    "label": "Something",
    "leafItems": Array [
      "1",
    ],
    "metadata": "zan.kusterle@gmail.com",
    "modifiers": Object {
      "active": false,
      "leaf": true,
      "with-tooltip": false,
    },
    "offset": 0,
  },
  Object {
    "depth": 1,
    "disabled": true,
    "height": null,
    "id": "2",
    "isLeaf": true,
    "items": null,
    "key": "2",
    "label": "Lorem",
    "leafItems": Array [
      "2",
    ],
    "modifiers": Object {
      "active": false,
      "leaf": true,
      "with-tooltip": false,
    },
    "offset": 0,
  },
  Object {
    "depth": 1,
    "disabled": true,
    "height": null,
    "id": "3",
    "isLeaf": true,
    "items": null,
    "key": "3",
    "label": "Ipsum",
    "leafItems": Array [
      "3",
    ],
    "metadata": "someone@lorem.ipsum",
    "modifiers": Object {
      "active": false,
      "leaf": true,
      "with-tooltip": false,
    },
    "offset": 0,
  },
  Object {
    "depth": 1,
    "height": null,
    "id": "4",
    "isLeaf": true,
    "items": null,
    "key": "4",
    "label": "Really loooooooooooooooooooooooooooooooong label",
    "leafItems": Array [
      "4",
    ],
    "metadata": "someone@lorem.ipsum",
    "modifiers": Object {
      "active": false,
      "leaf": true,
      "with-tooltip": false,
    },
    "offset": 0,
  },
  Object {
    "depth": 1,
    "height": null,
    "id": "5",
    "isLeaf": true,
    "items": null,
    "key": "5",
    "label": "B",
    "leafItems": Array [
      "5",
    ],
    "metadata": "someone@lorem.ipsum",
    "modifiers": Object {
      "active": false,
      "leaf": true,
      "with-tooltip": false,
    },
    "offset": 0,
  },
  Object {
    "depth": 1,
    "height": null,
    "id": "6",
    "isLeaf": true,
    "items": null,
    "key": "6",
    "label": "C",
    "leafItems": Array [
      "6",
    ],
    "metadata": "someone@lorem.ipsum",
    "modifiers": Object {
      "active": false,
      "leaf": true,
      "with-tooltip": false,
    },
    "offset": 0,
  },
  Object {
    "depth": 1,
    "height": null,
    "id": "7",
    "isLeaf": true,
    "items": null,
    "key": "7",
    "label": "D",
    "leafItems": Array [
      "7",
    ],
    "metadata": "someone@lorem.ipsum",
    "modifiers": Object {
      "active": false,
      "leaf": true,
      "with-tooltip": false,
    },
    "offset": 0,
  },
  Object {
    "depth": 1,
    "height": null,
    "id": "8",
    "isLeaf": true,
    "items": null,
    "key": "8",
    "label": "E",
    "leafItems": Array [
      "8",
    ],
    "metadata": "someone@lorem.ipsum",
    "modifiers": Object {
      "active": false,
      "leaf": true,
      "with-tooltip": false,
    },
    "offset": 0,
  },
  Object {
    "depth": 1,
    "height": null,
    "id": "9",
    "isLeaf": true,
    "items": null,
    "key": "9",
    "label": "F",
    "leafItems": Array [
      "9",
    ],
    "metadata": "someone@lorem.ipsum",
    "modifiers": Object {
      "active": false,
      "leaf": true,
      "with-tooltip": false,
    },
    "offset": 0,
  },
  Object {
    "depth": 1,
    "height": null,
    "id": "10",
    "isLeaf": true,
    "items": null,
    "key": "10",
    "label": "G",
    "leafItems": Array [
      "10",
    ],
    "metadata": "someone@lorem.ipsum",
    "modifiers": Object {
      "active": false,
      "leaf": true,
      "with-tooltip": false,
    },
    "offset": 0,
  },
  Object {
    "depth": 0,
    "height": null,
    "id": "b",
    "isLeaf": false,
    "items": null,
    "key": "b",
    "label": "G2",
    "leafItems": Array [
      "11",
      "12",
      "13",
      "14",
      "15",
    ],
    "modifiers": Object {
      "active": false,
      "leaf": false,
      "with-tooltip": false,
    },
    "offset": 0,
  },
  Object {
    "depth": 1,
    "height": null,
    "id": "11",
    "isLeaf": true,
    "items": null,
    "key": "G2/1",
    "label": "Something",
    "leafItems": Array [
      "11",
    ],
    "metadata": "someone@lorem.ipsum",
    "modifiers": Object {
      "active": false,
      "leaf": true,
      "with-tooltip": true,
    },
    "offset": 0,
    "tooltip": "Test tooltip",
  },
  Object {
    "depth": 1,
    "height": null,
    "id": "12",
    "isLeaf": true,
    "items": null,
    "key": "12",
    "label": "D",
    "leafItems": Array [
      "12",
    ],
    "metadata": "someone@lorem.ipsum",
    "modifiers": Object {
      "active": false,
      "leaf": true,
      "with-tooltip": false,
    },
    "offset": 0,
  },
  Object {
    "depth": 1,
    "height": null,
    "id": "13",
    "isLeaf": true,
    "items": null,
    "key": "13",
    "label": "E",
    "leafItems": Array [
      "13",
    ],
    "metadata": "someone@lorem.ipsum",
    "modifiers": Object {
      "active": false,
      "leaf": true,
      "with-tooltip": false,
    },
    "offset": 0,
  },
  Object {
    "depth": 1,
    "height": null,
    "id": "14",
    "isLeaf": true,
    "items": null,
    "key": "14",
    "label": "F",
    "leafItems": Array [
      "14",
    ],
    "metadata": "someone@lorem.ipsum",
    "modifiers": Object {
      "active": false,
      "leaf": true,
      "with-tooltip": false,
    },
    "offset": 0,
  },
  Object {
    "depth": 1,
    "height": null,
    "id": "15",
    "isLeaf": true,
    "items": null,
    "key": "15",
    "label": "G",
    "leafItems": Array [
      "15",
    ],
    "metadata": "someone@lorem.ipsum",
    "modifiers": Object {
      "active": false,
      "leaf": true,
      "with-tooltip": true,
    },
    "offset": 0,
    "tooltip": "Something else",
  },
]
`;

exports[`DefaultList computed usecase-1__ assumedGroupHeight 1`] = `30`;

exports[`DefaultList computed usecase-1__ assumedItemHeight 1`] = `30`;

exports[`DefaultList computed usecase-1__ flatItems 1`] = `
Array [
  Object {
    "depth": 0,
    "id": "a",
    "isLeaf": false,
    "items": null,
    "key": "a",
    "label": "G1",
    "leafItems": Array [
      "1",
      "2",
      "3",
      "4",
      "5",
      "6",
      "7",
      "8",
      "9",
      "10",
    ],
  },
  Object {
    "depth": 1,
    "disabled": true,
    "icon": "plus",
    "id": "1",
    "isLeaf": true,
    "items": null,
    "key": "1",
    "label": "Something",
    "leafItems": Array [
      "1",
    ],
    "metadata": "zan.kusterle@gmail.com",
  },
  Object {
    "depth": 1,
    "disabled": true,
    "id": "2",
    "isLeaf": true,
    "items": null,
    "key": "2",
    "label": "Lorem",
    "leafItems": Array [
      "2",
    ],
  },
  Object {
    "depth": 1,
    "disabled": true,
    "id": "3",
    "isLeaf": true,
    "items": null,
    "key": "3",
    "label": "Ipsum",
    "leafItems": Array [
      "3",
    ],
    "metadata": "someone@lorem.ipsum",
  },
  Object {
    "depth": 1,
    "id": "4",
    "isLeaf": true,
    "items": null,
    "key": "4",
    "label": "Really loooooooooooooooooooooooooooooooong label",
    "leafItems": Array [
      "4",
    ],
    "metadata": "someone@lorem.ipsum",
  },
  Object {
    "depth": 1,
    "id": "5",
    "isLeaf": true,
    "items": null,
    "key": "5",
    "label": "B",
    "leafItems": Array [
      "5",
    ],
    "metadata": "someone@lorem.ipsum",
  },
  Object {
    "depth": 1,
    "id": "6",
    "isLeaf": true,
    "items": null,
    "key": "6",
    "label": "C",
    "leafItems": Array [
      "6",
    ],
    "metadata": "someone@lorem.ipsum",
  },
  Object {
    "depth": 1,
    "id": "7",
    "isLeaf": true,
    "items": null,
    "key": "7",
    "label": "D",
    "leafItems": Array [
      "7",
    ],
    "metadata": "someone@lorem.ipsum",
  },
  Object {
    "depth": 1,
    "id": "8",
    "isLeaf": true,
    "items": null,
    "key": "8",
    "label": "E",
    "leafItems": Array [
      "8",
    ],
    "metadata": "someone@lorem.ipsum",
  },
  Object {
    "depth": 1,
    "id": "9",
    "isLeaf": true,
    "items": null,
    "key": "9",
    "label": "F",
    "leafItems": Array [
      "9",
    ],
    "metadata": "someone@lorem.ipsum",
  },
  Object {
    "depth": 1,
    "id": "10",
    "isLeaf": true,
    "items": null,
    "key": "10",
    "label": "G",
    "leafItems": Array [
      "10",
    ],
    "metadata": "someone@lorem.ipsum",
  },
  Object {
    "depth": 0,
    "id": "b",
    "isLeaf": false,
    "items": null,
    "key": "b",
    "label": "G2",
    "leafItems": Array [
      "11",
      "12",
      "13",
      "14",
      "15",
    ],
  },
  Object {
    "depth": 1,
    "id": "11",
    "isLeaf": true,
    "items": null,
    "key": "G2/1",
    "label": "Something",
    "leafItems": Array [
      "11",
    ],
    "metadata": "someone@lorem.ipsum",
    "tooltip": "Test tooltip",
  },
  Object {
    "depth": 1,
    "id": "12",
    "isLeaf": true,
    "items": null,
    "key": "12",
    "label": "D",
    "leafItems": Array [
      "12",
    ],
    "metadata": "someone@lorem.ipsum",
  },
  Object {
    "depth": 1,
    "id": "13",
    "isLeaf": true,
    "items": null,
    "key": "13",
    "label": "E",
    "leafItems": Array [
      "13",
    ],
    "metadata": "someone@lorem.ipsum",
  },
  Object {
    "depth": 1,
    "id": "14",
    "isLeaf": true,
    "items": null,
    "key": "14",
    "label": "F",
    "leafItems": Array [
      "14",
    ],
    "metadata": "someone@lorem.ipsum",
  },
  Object {
    "depth": 1,
    "id": "15",
    "isLeaf": true,
    "items": null,
    "key": "15",
    "label": "G",
    "leafItems": Array [
      "15",
    ],
    "metadata": "someone@lorem.ipsum",
    "tooltip": "Something else",
  },
]
`;

exports[`DefaultList computed usecase-1__ flatSelectableItems 1`] = `
Array [
  Object {
    "depth": 1,
    "id": "4",
    "isLeaf": true,
    "items": null,
    "key": "4",
    "label": "Really loooooooooooooooooooooooooooooooong label",
    "leafItems": Array [
      "4",
    ],
    "metadata": "someone@lorem.ipsum",
  },
  Object {
    "depth": 1,
    "id": "5",
    "isLeaf": true,
    "items": null,
    "key": "5",
    "label": "B",
    "leafItems": Array [
      "5",
    ],
    "metadata": "someone@lorem.ipsum",
  },
  Object {
    "depth": 1,
    "id": "6",
    "isLeaf": true,
    "items": null,
    "key": "6",
    "label": "C",
    "leafItems": Array [
      "6",
    ],
    "metadata": "someone@lorem.ipsum",
  },
  Object {
    "depth": 1,
    "id": "7",
    "isLeaf": true,
    "items": null,
    "key": "7",
    "label": "D",
    "leafItems": Array [
      "7",
    ],
    "metadata": "someone@lorem.ipsum",
  },
  Object {
    "depth": 1,
    "id": "8",
    "isLeaf": true,
    "items": null,
    "key": "8",
    "label": "E",
    "leafItems": Array [
      "8",
    ],
    "metadata": "someone@lorem.ipsum",
  },
  Object {
    "depth": 1,
    "id": "9",
    "isLeaf": true,
    "items": null,
    "key": "9",
    "label": "F",
    "leafItems": Array [
      "9",
    ],
    "metadata": "someone@lorem.ipsum",
  },
  Object {
    "depth": 1,
    "id": "10",
    "isLeaf": true,
    "items": null,
    "key": "10",
    "label": "G",
    "leafItems": Array [
      "10",
    ],
    "metadata": "someone@lorem.ipsum",
  },
  Object {
    "depth": 1,
    "id": "11",
    "isLeaf": true,
    "items": null,
    "key": "G2/1",
    "label": "Something",
    "leafItems": Array [
      "11",
    ],
    "metadata": "someone@lorem.ipsum",
    "tooltip": "Test tooltip",
  },
  Object {
    "depth": 1,
    "id": "12",
    "isLeaf": true,
    "items": null,
    "key": "12",
    "label": "D",
    "leafItems": Array [
      "12",
    ],
    "metadata": "someone@lorem.ipsum",
  },
  Object {
    "depth": 1,
    "id": "13",
    "isLeaf": true,
    "items": null,
    "key": "13",
    "label": "E",
    "leafItems": Array [
      "13",
    ],
    "metadata": "someone@lorem.ipsum",
  },
  Object {
    "depth": 1,
    "id": "14",
    "isLeaf": true,
    "items": null,
    "key": "14",
    "label": "F",
    "leafItems": Array [
      "14",
    ],
    "metadata": "someone@lorem.ipsum",
  },
  Object {
    "depth": 1,
    "id": "15",
    "isLeaf": true,
    "items": null,
    "key": "15",
    "label": "G",
    "leafItems": Array [
      "15",
    ],
    "metadata": "someone@lorem.ipsum",
    "tooltip": "Something else",
  },
]
`;

exports[`DefaultList computed usecase-1__ shownItemsWithData 1`] = `
Array [
  Object {
    "depth": 0,
    "height": null,
    "id": "a",
    "isLeaf": false,
    "items": null,
    "key": "a",
    "label": "G1",
    "leafItems": Array [
      "1",
      "2",
      "3",
      "4",
      "5",
      "6",
      "7",
      "8",
      "9",
      "10",
    ],
    "modifiers": Object {
      "active": false,
      "leaf": false,
      "with-tooltip": false,
    },
    "offset": 50,
  },
  Object {
    "depth": 1,
    "disabled": true,
    "height": null,
    "icon": "plus",
    "id": "1",
    "isLeaf": true,
    "items": null,
    "key": "1",
    "label": "Something",
    "leafItems": Array [
      "1",
    ],
    "metadata": "zan.kusterle@gmail.com",
    "modifiers": Object {
      "active": false,
      "leaf": true,
      "with-tooltip": false,
    },
    "offset": 50,
  },
  Object {
    "depth": 1,
    "disabled": true,
    "height": null,
    "id": "2",
    "isLeaf": true,
    "items": null,
    "key": "2",
    "label": "Lorem",
    "leafItems": Array [
      "2",
    ],
    "modifiers": Object {
      "active": false,
      "leaf": true,
      "with-tooltip": false,
    },
    "offset": 50,
  },
  Object {
    "depth": 1,
    "disabled": true,
    "height": null,
    "id": "3",
    "isLeaf": true,
    "items": null,
    "key": "3",
    "label": "Ipsum",
    "leafItems": Array [
      "3",
    ],
    "metadata": "someone@lorem.ipsum",
    "modifiers": Object {
      "active": false,
      "leaf": true,
      "with-tooltip": false,
    },
    "offset": 50,
  },
  Object {
    "depth": 1,
    "height": null,
    "id": "4",
    "isLeaf": true,
    "items": null,
    "key": "4",
    "label": "Really loooooooooooooooooooooooooooooooong label",
    "leafItems": Array [
      "4",
    ],
    "metadata": "someone@lorem.ipsum",
    "modifiers": Object {
      "active": false,
      "leaf": true,
      "with-tooltip": false,
    },
    "offset": 50,
  },
  Object {
    "depth": 1,
    "height": null,
    "id": "5",
    "isLeaf": true,
    "items": null,
    "key": "5",
    "label": "B",
    "leafItems": Array [
      "5",
    ],
    "metadata": "someone@lorem.ipsum",
    "modifiers": Object {
      "active": false,
      "leaf": true,
      "with-tooltip": false,
    },
    "offset": 50,
  },
  Object {
    "depth": 1,
    "height": null,
    "id": "6",
    "isLeaf": true,
    "items": null,
    "key": "6",
    "label": "C",
    "leafItems": Array [
      "6",
    ],
    "metadata": "someone@lorem.ipsum",
    "modifiers": Object {
      "active": false,
      "leaf": true,
      "with-tooltip": false,
    },
    "offset": 50,
  },
  Object {
    "depth": 1,
    "height": null,
    "id": "7",
    "isLeaf": true,
    "items": null,
    "key": "7",
    "label": "D",
    "leafItems": Array [
      "7",
    ],
    "metadata": "someone@lorem.ipsum",
    "modifiers": Object {
      "active": false,
      "leaf": true,
      "with-tooltip": false,
    },
    "offset": 50,
  },
  Object {
    "depth": 1,
    "height": null,
    "id": "8",
    "isLeaf": true,
    "items": null,
    "key": "8",
    "label": "E",
    "leafItems": Array [
      "8",
    ],
    "metadata": "someone@lorem.ipsum",
    "modifiers": Object {
      "active": false,
      "leaf": true,
      "with-tooltip": false,
    },
    "offset": 50,
  },
  Object {
    "depth": 1,
    "height": null,
    "id": "9",
    "isLeaf": true,
    "items": null,
    "key": "9",
    "label": "F",
    "leafItems": Array [
      "9",
    ],
    "metadata": "someone@lorem.ipsum",
    "modifiers": Object {
      "active": false,
      "leaf": true,
      "with-tooltip": false,
    },
    "offset": 50,
  },
  Object {
    "depth": 1,
    "height": null,
    "id": "10",
    "isLeaf": true,
    "items": null,
    "key": "10",
    "label": "G",
    "leafItems": Array [
      "10",
    ],
    "metadata": "someone@lorem.ipsum",
    "modifiers": Object {
      "active": false,
      "leaf": true,
      "with-tooltip": false,
    },
    "offset": 50,
  },
  Object {
    "depth": 0,
    "height": null,
    "id": "b",
    "isLeaf": false,
    "items": null,
    "key": "b",
    "label": "G2",
    "leafItems": Array [
      "11",
      "12",
      "13",
      "14",
      "15",
    ],
    "modifiers": Object {
      "active": false,
      "leaf": false,
      "with-tooltip": false,
    },
    "offset": 50,
  },
  Object {
    "depth": 1,
    "height": null,
    "id": "11",
    "isLeaf": true,
    "items": null,
    "key": "G2/1",
    "label": "Something",
    "leafItems": Array [
      "11",
    ],
    "metadata": "someone@lorem.ipsum",
    "modifiers": Object {
      "active": false,
      "leaf": true,
      "with-tooltip": true,
    },
    "offset": 50,
    "tooltip": "Test tooltip",
  },
  Object {
    "depth": 1,
    "height": null,
    "id": "12",
    "isLeaf": true,
    "items": null,
    "key": "12",
    "label": "D",
    "leafItems": Array [
      "12",
    ],
    "metadata": "someone@lorem.ipsum",
    "modifiers": Object {
      "active": false,
      "leaf": true,
      "with-tooltip": false,
    },
    "offset": 50,
  },
  Object {
    "depth": 1,
    "height": null,
    "id": "13",
    "isLeaf": true,
    "items": null,
    "key": "13",
    "label": "E",
    "leafItems": Array [
      "13",
    ],
    "metadata": "someone@lorem.ipsum",
    "modifiers": Object {
      "active": false,
      "leaf": true,
      "with-tooltip": false,
    },
    "offset": 50,
  },
  Object {
    "depth": 1,
    "height": null,
    "id": "14",
    "isLeaf": true,
    "items": null,
    "key": "14",
    "label": "F",
    "leafItems": Array [
      "14",
    ],
    "metadata": "someone@lorem.ipsum",
    "modifiers": Object {
      "active": false,
      "leaf": true,
      "with-tooltip": false,
    },
    "offset": 50,
  },
  Object {
    "depth": 1,
    "height": null,
    "id": "15",
    "isLeaf": true,
    "items": null,
    "key": "15",
    "label": "G",
    "leafItems": Array [
      "15",
    ],
    "metadata": "someone@lorem.ipsum",
    "modifiers": Object {
      "active": false,
      "leaf": true,
      "with-tooltip": true,
    },
    "offset": 50,
    "tooltip": "Something else",
  },
]
`;

exports[`DefaultList computed usecase-2__ assumedGroupHeight 1`] = `30`;

exports[`DefaultList computed usecase-2__ assumedItemHeight 1`] = `30`;

exports[`DefaultList computed usecase-2__ flatItems 1`] = `
Array [
  Object {
    "depth": 0,
    "id": "a",
    "isLeaf": false,
    "items": null,
    "key": "a",
    "label": "G1",
    "leafItems": Array [
      "1",
      "2",
      "3",
      "4",
      "5",
      "6",
      "7",
      "8",
      "9",
      "10",
    ],
  },
  Object {
    "depth": 1,
    "disabled": true,
    "icon": "plus",
    "id": "1",
    "isLeaf": true,
    "items": null,
    "key": "1",
    "label": "Something",
    "leafItems": Array [
      "1",
    ],
    "metadata": "zan.kusterle@gmail.com",
  },
  Object {
    "depth": 1,
    "disabled": true,
    "id": "2",
    "isLeaf": true,
    "items": null,
    "key": "2",
    "label": "Lorem",
    "leafItems": Array [
      "2",
    ],
  },
  Object {
    "depth": 1,
    "disabled": true,
    "id": "3",
    "isLeaf": true,
    "items": null,
    "key": "3",
    "label": "Ipsum",
    "leafItems": Array [
      "3",
    ],
    "metadata": "someone@lorem.ipsum",
  },
  Object {
    "depth": 1,
    "id": "4",
    "isLeaf": true,
    "items": null,
    "key": "4",
    "label": "Really loooooooooooooooooooooooooooooooong label",
    "leafItems": Array [
      "4",
    ],
    "metadata": "someone@lorem.ipsum",
  },
  Object {
    "depth": 1,
    "id": "5",
    "isLeaf": true,
    "items": null,
    "key": "5",
    "label": "B",
    "leafItems": Array [
      "5",
    ],
    "metadata": "someone@lorem.ipsum",
  },
  Object {
    "depth": 1,
    "id": "6",
    "isLeaf": true,
    "items": null,
    "key": "6",
    "label": "C",
    "leafItems": Array [
      "6",
    ],
    "metadata": "someone@lorem.ipsum",
  },
  Object {
    "depth": 1,
    "id": "7",
    "isLeaf": true,
    "items": null,
    "key": "7",
    "label": "D",
    "leafItems": Array [
      "7",
    ],
    "metadata": "someone@lorem.ipsum",
  },
  Object {
    "depth": 1,
    "id": "8",
    "isLeaf": true,
    "items": null,
    "key": "8",
    "label": "E",
    "leafItems": Array [
      "8",
    ],
    "metadata": "someone@lorem.ipsum",
  },
  Object {
    "depth": 1,
    "id": "9",
    "isLeaf": true,
    "items": null,
    "key": "9",
    "label": "F",
    "leafItems": Array [
      "9",
    ],
    "metadata": "someone@lorem.ipsum",
  },
  Object {
    "depth": 1,
    "id": "10",
    "isLeaf": true,
    "items": null,
    "key": "10",
    "label": "G",
    "leafItems": Array [
      "10",
    ],
    "metadata": "someone@lorem.ipsum",
  },
  Object {
    "depth": 0,
    "id": "b",
    "isLeaf": false,
    "items": null,
    "key": "b",
    "label": "G2",
    "leafItems": Array [
      "11",
      "12",
      "13",
      "14",
      "15",
    ],
  },
  Object {
    "depth": 1,
    "id": "11",
    "isLeaf": true,
    "items": null,
    "key": "G2/1",
    "label": "Something",
    "leafItems": Array [
      "11",
    ],
    "metadata": "someone@lorem.ipsum",
    "tooltip": "Test tooltip",
  },
  Object {
    "depth": 1,
    "id": "12",
    "isLeaf": true,
    "items": null,
    "key": "12",
    "label": "D",
    "leafItems": Array [
      "12",
    ],
    "metadata": "someone@lorem.ipsum",
  },
  Object {
    "depth": 1,
    "id": "13",
    "isLeaf": true,
    "items": null,
    "key": "13",
    "label": "E",
    "leafItems": Array [
      "13",
    ],
    "metadata": "someone@lorem.ipsum",
  },
  Object {
    "depth": 1,
    "id": "14",
    "isLeaf": true,
    "items": null,
    "key": "14",
    "label": "F",
    "leafItems": Array [
      "14",
    ],
    "metadata": "someone@lorem.ipsum",
  },
  Object {
    "depth": 1,
    "id": "15",
    "isLeaf": true,
    "items": null,
    "key": "15",
    "label": "G",
    "leafItems": Array [
      "15",
    ],
    "metadata": "someone@lorem.ipsum",
    "tooltip": "Something else",
  },
]
`;

exports[`DefaultList computed usecase-2__ flatSelectableItems 1`] = `
Array [
  Object {
    "depth": 1,
    "id": "4",
    "isLeaf": true,
    "items": null,
    "key": "4",
    "label": "Really loooooooooooooooooooooooooooooooong label",
    "leafItems": Array [
      "4",
    ],
    "metadata": "someone@lorem.ipsum",
  },
  Object {
    "depth": 1,
    "id": "5",
    "isLeaf": true,
    "items": null,
    "key": "5",
    "label": "B",
    "leafItems": Array [
      "5",
    ],
    "metadata": "someone@lorem.ipsum",
  },
  Object {
    "depth": 1,
    "id": "6",
    "isLeaf": true,
    "items": null,
    "key": "6",
    "label": "C",
    "leafItems": Array [
      "6",
    ],
    "metadata": "someone@lorem.ipsum",
  },
  Object {
    "depth": 1,
    "id": "7",
    "isLeaf": true,
    "items": null,
    "key": "7",
    "label": "D",
    "leafItems": Array [
      "7",
    ],
    "metadata": "someone@lorem.ipsum",
  },
  Object {
    "depth": 1,
    "id": "8",
    "isLeaf": true,
    "items": null,
    "key": "8",
    "label": "E",
    "leafItems": Array [
      "8",
    ],
    "metadata": "someone@lorem.ipsum",
  },
  Object {
    "depth": 1,
    "id": "9",
    "isLeaf": true,
    "items": null,
    "key": "9",
    "label": "F",
    "leafItems": Array [
      "9",
    ],
    "metadata": "someone@lorem.ipsum",
  },
  Object {
    "depth": 1,
    "id": "10",
    "isLeaf": true,
    "items": null,
    "key": "10",
    "label": "G",
    "leafItems": Array [
      "10",
    ],
    "metadata": "someone@lorem.ipsum",
  },
  Object {
    "depth": 1,
    "id": "11",
    "isLeaf": true,
    "items": null,
    "key": "G2/1",
    "label": "Something",
    "leafItems": Array [
      "11",
    ],
    "metadata": "someone@lorem.ipsum",
    "tooltip": "Test tooltip",
  },
  Object {
    "depth": 1,
    "id": "12",
    "isLeaf": true,
    "items": null,
    "key": "12",
    "label": "D",
    "leafItems": Array [
      "12",
    ],
    "metadata": "someone@lorem.ipsum",
  },
  Object {
    "depth": 1,
    "id": "13",
    "isLeaf": true,
    "items": null,
    "key": "13",
    "label": "E",
    "leafItems": Array [
      "13",
    ],
    "metadata": "someone@lorem.ipsum",
  },
  Object {
    "depth": 1,
    "id": "14",
    "isLeaf": true,
    "items": null,
    "key": "14",
    "label": "F",
    "leafItems": Array [
      "14",
    ],
    "metadata": "someone@lorem.ipsum",
  },
  Object {
    "depth": 1,
    "id": "15",
    "isLeaf": true,
    "items": null,
    "key": "15",
    "label": "G",
    "leafItems": Array [
      "15",
    ],
    "metadata": "someone@lorem.ipsum",
    "tooltip": "Something else",
  },
]
`;

exports[`DefaultList computed usecase-2__ shownItemsWithData 1`] = `
Array [
  Object {
    "depth": 0,
    "height": null,
    "id": "a",
    "isLeaf": false,
    "items": null,
    "key": "a",
    "label": "G1",
    "leafItems": Array [
      "1",
      "2",
      "3",
      "4",
      "5",
      "6",
      "7",
      "8",
      "9",
      "10",
    ],
    "modifiers": Object {
      "active": false,
      "leaf": false,
      "with-tooltip": false,
    },
    "offset": 0,
  },
  Object {
    "depth": 1,
    "disabled": true,
    "height": null,
    "icon": "plus",
    "id": "1",
    "isLeaf": true,
    "items": null,
    "key": "1",
    "label": "Something",
    "leafItems": Array [
      "1",
    ],
    "metadata": "zan.kusterle@gmail.com",
    "modifiers": Object {
      "active": false,
      "leaf": true,
      "with-tooltip": false,
    },
    "offset": 0,
  },
  Object {
    "depth": 1,
    "disabled": true,
    "height": null,
    "id": "2",
    "isLeaf": true,
    "items": null,
    "key": "2",
    "label": "Lorem",
    "leafItems": Array [
      "2",
    ],
    "modifiers": Object {
      "active": false,
      "leaf": true,
      "with-tooltip": false,
    },
    "offset": 0,
  },
  Object {
    "depth": 1,
    "disabled": true,
    "height": null,
    "id": "3",
    "isLeaf": true,
    "items": null,
    "key": "3",
    "label": "Ipsum",
    "leafItems": Array [
      "3",
    ],
    "metadata": "someone@lorem.ipsum",
    "modifiers": Object {
      "active": false,
      "leaf": true,
      "with-tooltip": false,
    },
    "offset": 0,
  },
  Object {
    "depth": 1,
    "height": null,
    "id": "4",
    "isLeaf": true,
    "items": null,
    "key": "4",
    "label": "Really loooooooooooooooooooooooooooooooong label",
    "leafItems": Array [
      "4",
    ],
    "metadata": "someone@lorem.ipsum",
    "modifiers": Object {
      "active": false,
      "leaf": true,
      "with-tooltip": false,
    },
    "offset": 0,
  },
  Object {
    "depth": 1,
    "height": null,
    "id": "5",
    "isLeaf": true,
    "items": null,
    "key": "5",
    "label": "B",
    "leafItems": Array [
      "5",
    ],
    "metadata": "someone@lorem.ipsum",
    "modifiers": Object {
      "active": false,
      "leaf": true,
      "with-tooltip": false,
    },
    "offset": 0,
  },
  Object {
    "depth": 1,
    "height": null,
    "id": "6",
    "isLeaf": true,
    "items": null,
    "key": "6",
    "label": "C",
    "leafItems": Array [
      "6",
    ],
    "metadata": "someone@lorem.ipsum",
    "modifiers": Object {
      "active": false,
      "leaf": true,
      "with-tooltip": false,
    },
    "offset": 0,
  },
  Object {
    "depth": 1,
    "height": null,
    "id": "7",
    "isLeaf": true,
    "items": null,
    "key": "7",
    "label": "D",
    "leafItems": Array [
      "7",
    ],
    "metadata": "someone@lorem.ipsum",
    "modifiers": Object {
      "active": false,
      "leaf": true,
      "with-tooltip": false,
    },
    "offset": 0,
  },
  Object {
    "depth": 1,
    "height": null,
    "id": "8",
    "isLeaf": true,
    "items": null,
    "key": "8",
    "label": "E",
    "leafItems": Array [
      "8",
    ],
    "metadata": "someone@lorem.ipsum",
    "modifiers": Object {
      "active": false,
      "leaf": true,
      "with-tooltip": false,
    },
    "offset": 0,
  },
  Object {
    "depth": 1,
    "height": null,
    "id": "9",
    "isLeaf": true,
    "items": null,
    "key": "9",
    "label": "F",
    "leafItems": Array [
      "9",
    ],
    "metadata": "someone@lorem.ipsum",
    "modifiers": Object {
      "active": false,
      "leaf": true,
      "with-tooltip": false,
    },
    "offset": 0,
  },
  Object {
    "depth": 1,
    "height": null,
    "id": "10",
    "isLeaf": true,
    "items": null,
    "key": "10",
    "label": "G",
    "leafItems": Array [
      "10",
    ],
    "metadata": "someone@lorem.ipsum",
    "modifiers": Object {
      "active": false,
      "leaf": true,
      "with-tooltip": false,
    },
    "offset": 0,
  },
  Object {
    "depth": 0,
    "height": null,
    "id": "b",
    "isLeaf": false,
    "items": null,
    "key": "b",
    "label": "G2",
    "leafItems": Array [
      "11",
      "12",
      "13",
      "14",
      "15",
    ],
    "modifiers": Object {
      "active": false,
      "leaf": false,
      "with-tooltip": false,
    },
    "offset": 0,
  },
  Object {
    "depth": 1,
    "height": null,
    "id": "11",
    "isLeaf": true,
    "items": null,
    "key": "G2/1",
    "label": "Something",
    "leafItems": Array [
      "11",
    ],
    "metadata": "someone@lorem.ipsum",
    "modifiers": Object {
      "active": false,
      "leaf": true,
      "with-tooltip": true,
    },
    "offset": 0,
    "tooltip": "Test tooltip",
  },
  Object {
    "depth": 1,
    "height": null,
    "id": "12",
    "isLeaf": true,
    "items": null,
    "key": "12",
    "label": "D",
    "leafItems": Array [
      "12",
    ],
    "metadata": "someone@lorem.ipsum",
    "modifiers": Object {
      "active": false,
      "leaf": true,
      "with-tooltip": false,
    },
    "offset": 0,
  },
  Object {
    "depth": 1,
    "height": null,
    "id": "13",
    "isLeaf": true,
    "items": null,
    "key": "13",
    "label": "E",
    "leafItems": Array [
      "13",
    ],
    "metadata": "someone@lorem.ipsum",
    "modifiers": Object {
      "active": false,
      "leaf": true,
      "with-tooltip": false,
    },
    "offset": 0,
  },
  Object {
    "depth": 1,
    "height": null,
    "id": "14",
    "isLeaf": true,
    "items": null,
    "key": "14",
    "label": "F",
    "leafItems": Array [
      "14",
    ],
    "metadata": "someone@lorem.ipsum",
    "modifiers": Object {
      "active": false,
      "leaf": true,
      "with-tooltip": false,
    },
    "offset": 0,
  },
  Object {
    "depth": 1,
    "height": null,
    "id": "15",
    "isLeaf": true,
    "items": null,
    "key": "15",
    "label": "G",
    "leafItems": Array [
      "15",
    ],
    "metadata": "someone@lorem.ipsum",
    "modifiers": Object {
      "active": false,
      "leaf": true,
      "with-tooltip": true,
    },
    "offset": 0,
    "tooltip": "Something else",
  },
]
`;
