// Jest Snapshot v1, https://goo.gl/fbAQLP

exports[`FileUploadRequirements should match the snapshot 1`] = `
<div
  class="file-upload-requirements"
>
  <p
    class="file-upload-requirements__requirement"
  >
    
        Format:
        
    <span
      class="file-upload-requirements__requirement-value"
    >
      PNG, JPG
    </span>
  </p>
  <p
    class="file-upload-requirements__requirement"
  >
    
        Size:
        
    <span
      class="file-upload-requirements__requirement-value"
    >
      max. 3MB
    </span>
  </p>
</div>
`;
