// Jest Snapshot v1, https://goo.gl/fbAQLP

exports[`FileUpload should match the snapshot 1`] = `
<div
  class="file-upload file-upload--dark"
  tabindex="0"
>
  <div
    class="file-upload__square-prepend file-upload__square-prepend--empty file-upload__square-prepend--clickable"
  >
    <!---->
     
    <svg
      height="30"
      viewBox="0 0 25 30"
      width="25"
      xmlns="http://www.w3.org/2000/svg"
    >
      <path
        d="M7.06 22.94h10.587V12.354h7.06L12.352 0 0 12.353h7.06V22.94zM0 26.47h24.706V30H0v-3.53z"
        fill-rule="nonzero"
      />
    </svg>
     
    <!---->
     
    <!---->
     
    <!---->
  </div>
   
  <div
    class="file-upload__form-wrapper"
  >
    <input
      name="video-file"
      style="display: none;"
      type="file"
    />
     
    <svg
      class="file-upload__form-wrapper__border-svg"
      preserveAspectRatio="none"
      vector-effect="non-scaling-stroke"
      viewBox="0 0 190 90"
    >
      <path
        d="M0,0 190,0 190,90"
      />
       
      <path
        d="M0,90 190,90"
      />
    </svg>
     
    <!---->
     
    <!---->
     
    <div
      class="file-upload__form-wrapper__text"
    >
      
            Drag a file here or 
      <span
        class="file-upload__trigger"
      >
        browse
      </span>
      
            for it to upload.
        
    </div>
     
    <!---->
  </div>
</div>
`;
