// Jest Snapshot v1, https://goo.gl/fbAQLP

exports[`FileUpload computed usecase-0__disabled-false errorMessage 1`] = `null`;

exports[`FileUpload computed usecase-0__disabled-false fileInputSquareModifiers 1`] = `
Object {
  "clickable": true,
  "empty": true,
  "error": false,
}
`;

exports[`FileUpload computed usecase-0__disabled-false maxFilenameLength 1`] = `18`;

exports[`FileUpload computed usecase-0__disabled-false progressDashoffset 1`] = `240`;

exports[`FileUpload computed usecase-0__disabled-false states 1`] = `
Object {
  "error": false,
  "normal": true,
  "uploaded": false,
  "uploading": false,
}
`;

exports[`FileUpload computed usecase-0__disabled-true errorMessage 1`] = `null`;

exports[`FileUpload computed usecase-0__disabled-true fileInputSquareModifiers 1`] = `
Object {
  "clickable": true,
  "empty": true,
  "error": false,
}
`;

exports[`FileUpload computed usecase-0__disabled-true maxFilenameLength 1`] = `18`;

exports[`FileUpload computed usecase-0__disabled-true progressDashoffset 1`] = `240`;

exports[`FileUpload computed usecase-0__disabled-true states 1`] = `
Object {
  "error": false,
  "normal": true,
  "uploaded": false,
  "uploading": false,
}
`;
