// Jest Snapshot v1, https://goo.gl/fbAQLP

exports[`FileUpload computed Done errorMessage 1`] = `null`;

exports[`FileUpload computed Done maxFilenameLength 1`] = `18`;

exports[`FileUpload computed Done progressDashoffset 1`] = `240`;

exports[`FileUpload computed Drop active errorMessage 1`] = `null`;

exports[`FileUpload computed Drop active maxFilenameLength 1`] = `18`;

exports[`FileUpload computed Drop active progressDashoffset 1`] = `240`;

exports[`FileUpload computed Empty errorMessage 1`] = `null`;

exports[`FileUpload computed Empty maxFilenameLength 1`] = `18`;

exports[`FileUpload computed Empty progressDashoffset 1`] = `240`;

exports[`FileUpload computed Error errorMessage 1`] = `null`;

exports[`FileUpload computed Error maxFilenameLength 1`] = `18`;

exports[`FileUpload computed Error progressDashoffset 1`] = `240`;

exports[`FileUpload computed Uploading errorMessage 1`] = `null`;

exports[`FileUpload computed Uploading maxFilenameLength 1`] = `18`;

exports[`FileUpload computed Uploading progressDashoffset 1`] = `240`;

exports[`FileUpload computed disabled, Done errorMessage 1`] = `null`;

exports[`FileUpload computed disabled, Done maxFilenameLength 1`] = `18`;

exports[`FileUpload computed disabled, Done progressDashoffset 1`] = `240`;

exports[`FileUpload computed disabled, Drop active errorMessage 1`] = `null`;

exports[`FileUpload computed disabled, Drop active maxFilenameLength 1`] = `18`;

exports[`FileUpload computed disabled, Drop active progressDashoffset 1`] = `240`;

exports[`FileUpload computed disabled, Empty errorMessage 1`] = `null`;

exports[`FileUpload computed disabled, Empty maxFilenameLength 1`] = `18`;

exports[`FileUpload computed disabled, Empty progressDashoffset 1`] = `240`;

exports[`FileUpload computed disabled, Error errorMessage 1`] = `null`;

exports[`FileUpload computed disabled, Error maxFilenameLength 1`] = `18`;

exports[`FileUpload computed disabled, Error progressDashoffset 1`] = `240`;

exports[`FileUpload computed disabled, Uploading errorMessage 1`] = `null`;

exports[`FileUpload computed disabled, Uploading maxFilenameLength 1`] = `18`;

exports[`FileUpload computed disabled, Uploading progressDashoffset 1`] = `240`;
