// Jest Snapshot v1, https://goo.gl/fbAQLP

exports[`Input should match the snapshot 1`] = `
<div
  class="input input--normal input--dark"
  id="label"
>
  <!---->
   
  <div
    class="input-field"
    title=""
  >
    <div
      class="input-field__overlay"
    >
      
            Label
        
    </div>
     
    <div
      class="input-field__label-text"
    >
      
            
        
    </div>
     
    <div
      class="input-row"
    >
      <!---->
       
      <div
        class="input-row__input-flex"
      >
        <!---->
         
        <!---->
         
        <input
          class="input-row__placeholder-text"
          placeholder="Label"
          type="text"
        />
      </div>
       
      <!---->
       
      <!---->
    </div>
     
    <div
      class="input-field__border-overlay"
    />
     
    <div
      class="input-field__message-wrap"
    >
      <div
        class="input-field__helper-text"
      >
        
                    
                
      </div>
       
      <!---->
    </div>
  </div>
</div>
`;
