// Jest Snapshot v1, https://goo.gl/fbAQLP

exports[`Slider computed usecase-0__ decimalPlacesCount 1`] = `0`;

exports[`Slider computed usecase-0__ isWholeNumber 1`] = `true`;

exports[`Slider computed usecase-0__ labelsActiveClass 1`] = `
Object {
  "max": Object {
    "active": false,
  },
  "min": Object {
    "active": true,
  },
}
`;

exports[`Slider computed usecase-0__ lastActiveIndex 1`] = `4`;

exports[`Slider computed usecase-0__ limitValue 1`] = `20`;

exports[`Slider computed usecase-0__ maxLabelValue 1`] = `"20"`;

exports[`Slider computed usecase-0__ minLabelValue 1`] = `"1"`;

exports[`Slider computed usecase-0__ position 1`] = `0`;

exports[`Slider computed usecase-0__ sliderWidth 1`] = `0`;

exports[`Slider computed usecase-0__ stepsCount 1`] = `19`;
