// Jest Snapshot v1, https://goo.gl/fbAQLP

exports[`SupportText should match the snapshot 1`] = `
<div
  class="support-text"
>
  <div
    class="support-text__main support-text__main--left"
  >
    <!---->
     
    <div
      class="support-text__icon"
    >
      <svg
        viewBox="0 0 17 17"
        xmlns="http://www.w3.org/2000/svg"
      >
        <g
          fill="none"
          fill-rule="evenodd"
        >
          <circle
            cx="8.5"
            cy="8.5"
            fill="#D8D8D8"
            r="8.5"
          />
           
          <path
            d="M6 6.505h1.746c.016-.52.37-.864.886-.864.505 0 .86.3.86.737 0 .473-.19.7-.92 1.128-.746.43-1.014.913-.912 1.832l.016.215h1.676V9.3c0-.505.204-.746.94-1.17.79-.457 1.16-1.005 1.16-1.8 0-1.29-1.064-2.148-2.697-2.148-1.718 0-2.74.918-2.755 2.325zm2.562 5.683c.693 0 1.096-.36 1.096-.978 0-.623-.403-.982-1.096-.982-.693 0-1.1.36-1.1.982 0 .618.407.978 1.1.978z"
            fill="#1F1F2C"
          />
        </g>
      </svg>
    </div>
     
    <!---->
  </div>
</div>
`;
